border_size=1
usage=map

Xu          , Xu          , Xu          , Xu          , Xu          , Xu          , Xu          , Xu          , Xu          , Xu          , Xu          , Xu          , Uu          , Uu          , Re          , Uu          , Uu          , Xu          , Xu          , Xu          , Xu          , Xu          , Xu          , Xu          , Xu          , Xu          , Xu          , Xu          , Xu          , Xu          , Xu          , Xu          , Xu          , Xu          , Xu          , Xu          , Xu          , Xu          , Xu          , Xu          , Xu          , Xu          , Xu          , Xu          
Xu          , Xu          , Xu          , Xu          , Xu          , Xu          , Xu          , Xu          , Xu          , Xu          , Xu          , Re          , Uu          , Re          , Re          , Re          , Re          , Xu          , Xu          , Xu          , Xu          , Xu          , Xu          , Xu          , Xu          , Xu          , Xu          , Xu          , Xu          , Xu          , Xu          , Xu          , Ur          , Xu          , Ur          , Xu          , Ur          , Xu          , Xu          , Xu          , Xu          , Xu          , Ww          , Xu          
Xu          , Xu          , Xu          , Xu          , Xu          , Xu          , Xu          , Xu          , Xu          , Xu          , Qxu         , Re          , Re          , Uu          , Xu          , Uu          , Xu          , Xu          , Xu          , Xu          , Xu          , Xu          , Xu          , Xu          , Xu          , Xu          , Xu          , Xu          , Ur          , Ur          , Ur          , Ur          , Ur          , Ur          , Ur          , Ur          , Ur          , Ur          , Ur          , Qxu         , Ww          , Ww          , Xu          , Ww          
Xu          , Xu          , Xu          , Xu          , Xu          , Xu          , Xu          , Xu          , Xu          , Qxu         , Uu          , Uu          , Re          , Uu          , Re          , Xu          , Xu          , Xu          , Xu          , Xu          , Xu          , Xu          , Xu          , Xu          , Xu          , Xu          , Xu          , Xu          , Ur          , Ur          , Ur          , Ur          , Ur          , Ur          , Ur          , Ur          , Ur          , Ur          , Ur          , Qxu         , Qxu         , Xu          , Xu          , Xu          
Xu          , Xu          , Xu          , Xu          , Xu          , Xu          , Xu          , Xu          , Xu          , Xu          , Uu          , Re          , Re          , Re          , Uu          , Xu          , Xu          , Xu          , Xu          , Xu          , Xu          , Xu          , Xu          , Xu          , Xu          , Xu          , Xu          , Xu          , Xu          , Ur          , Ur          , Ur          , Ur          , Ur          , Ur          , Ur          , Ur          , Ur          , Ur          , Ur          , Ur          , Xu          , Xu          , Xu          
Xu          , Xu          , Xu          , Xu          , Xu          , Xu          , Xu          , Xu          , Xu          , Xu          , Uu          , Uu          , Uu          , Re          , Uu          , Xu          , Xu          , Xu          , Xu          , Xu          , Xu          , Xu          , Xu          , Xu          , Xu          , Xu          , Xu          , Xu          , Xu          , Ur          , Xu          , Ur          , Ur          , Ur          , Ur          , Ur          , Ur          , Ur          , Ur          , Ur          , Ur          , Xu          , Xu          , Xu          
Xu          , Xu          , Xu          , Xu          , Xu          , Xu          , Xu          , Xu          , Xu          , Xu          , Xu          , Re          , Re          , Re          , Xu          , Xu          , Xu          , Xu          , Xu          , Xu          , Xu          , Xu          , Xu          , Xu          , Xu          , Xu          , Xu          , Xu          , Xu          , Xu          , Xu          , Xu          , Xu          , Ur          , Ur          , Ur          , Xu          , Xu          , Xu          , Ur          , Xu          , Xu          , Xu          , Xu          
Xu          , Xu          , Xu          , Xu          , Xu          , Xu          , Xu          , Xu          , Xu          , Xu          , Xu          , Re          , Uu          , Uu          , Rr          , Xu          , Rr          , Rr          , Rr          , Xu          , Xu          , Xu          , Xu          , Xu          , Xu          , Xu          , Xu          , Xu          , Xu          , Xu          , Xu          , Xu          , Xu          , Xu          , Ur          , Ur          , Xu          , Xu          , Xu          , Xu          , Xu          , Xu          , Xu          , Xu          
Xu          , Xu          , Xu          , Xu          , Xu          , Xu          , Xu          , Xu          , Xu          , Xu          , Xu          , Uu          , Rr          , Rr          , Rr          , Rr          , Rr          , Rr          , Rr          , Rr          , Rr          , Xu          , Rr          , Xu          , Rr          , Rr          , Rr          , Rr          , Rr          , Xu          , Rr          , Xu          , Rr          , Rr          , Rr          , Ur          , Xu          , Xu          , Xu          , Xu          , Xu          , Xu          , Xu          , Xu          
Xu          , Xu          , Xu          , Xu          , Xu          , Xu          , Uu          , Xu          , Xu          , Xu          , Rr          , Rr          , Rr          , Rr          , Rr          , Rr          , Rr          , Rr          , Rr          , Rr          , Rr          , Rr          , Rr          , Rr          , Rr          , Rr          , Rr          , Rr          , Rr          , Rr          , Rr          , Rr          , Rr          , Rr          , Rr          , Rr          , Xu          , Xu          , Xu          , Xu          , Xu          , Xu          , Xu          , Xu          
Xu          , Xu          , Xu          , Xu          , Xu          , Uu          , Xu          , Uu          , Xu          , Uu          , Rr          , Rr          , Rr          , Rr          , Xos         , Rr          , Rr          , Rr          , Rr          , Rr          , Xos         , Rr          , Rr          , Rr          , Rr          , Rr          , Xos         , Rr          , Rr          , Rr          , Rr          , Rr          , Xos         , Rr          , Rr          , Rr          , Xu          , Xu          , Xu          , Xu          , Xu          , Xu          , Xu          , Xu          
Xu          , Xu          , Xu          , Xu          , Uu          , Uu          , Xu          , Uu          , Uu          , Uu          , Rr          , Rr          , Rr          , Rr          , Rr          , Rr          , Rr          , Rr          , Rr          , Rr          , Rr          , Rr          , Rr          , Rr          , Rr          , Rr          , Rr          , Rr          , Rr          , Rr          , Rr          , Rr          , Rr          , Rr          , Rr          , Rr          , Rr          , Xu          , Qxu         , Xu          , Xu          , Xu          , Xu          , Xu          
Xu          , Xu          , Xu          , Uu          , Xu          , Xu          , Xu          , Xu          , Xu          , Xu          , Rr          , Rr          , Rr          , Rr          , Rr          , Rr          , Rr          , Rr          , Rr          , Rr          , Rr          , Rr          , Rr          , Rr^Vud      , Rr          , Rr          , Rr          , Rr          , Rr          , Rr          , Rr          , Rr          , Rr          , Rr          , Rr          , Rr          , Rr          , Rr          , Rr          , Qxu         , Qxu         , Xu          , Xu          , Xu          
Xu          , Xu          , Xu          , Uu          , Uu^Vu       , Xu          , Xu          , Xu          , Xu          , Xu          , Rr          , Rr          , Rr          , Rr          , Rr          , Rr          , Rr          , Rr          , Rr          , Rr          , Rr          , Rr          , Rr          , Rr          , Rr          , Rr          , Rr          , Rr          , Rr          , Rr          , Rr          , Rr          , Rr          , Rr          , Rr          , Rr          , Rr          , Rr          , Rr          , Rr          , Uh          , Xu          , Xu          , Xu          
Xu          , Xu          , Uu          , Uu          , Xu          , Xu          , Xu          , Xu          , Xu          , Xu          , Rr          , Rr          , Rr          , Rr          , Xos         , Rr          , Rr          , Rr^Vud      , Rr          , Rr          , Xos         , Rr          , Rr          , Rr          , Rr          , Rr          , Xos         , Rr          , Rr          , Rr^Vud      , Rr          , Rr          , Xos         , Rr          , Rr          , Rr          , Rr          , Rr          , Xos         , Rr          , Uu^Vud      , Xu          , Xu          , Xu          
Xu          , Xu          , Uu          , Uu          , Xu          , Xu          , Xu          , Xu          , Xu          , Rr          , Rr          , Rr          , Rr          , Rr          , Rr          , Rr          , Rr          , Rr          , Rr          , Rr          , Rr          , Rr          , Rr          , Rr          , Rr          , Rr          , Rr          , Rr          , Rr          , Rr          , Rr          , Rr          , Rr          , Rr          , Rr          , Rr          , Rr          , Rr          , Rr          , Rr          , Uh          , Xu          , Xu          , Xu          
Xu          , Xu          , Uu          , Xu          , Xu          , Xu          , Xu          , Xu          , Xu          , Rr          , Rr          , Rr          , Rr          , Rr          , Rr          , Rr          , Rr          , Rr          , Rr          , Rr          , Rr          , Rr          , Rr          , Rr^Vud      , Rr          , Rr          , Rr          , Rr          , Rr          , Rr          , Rr          , Rr          , Rr          , Rr          , Rr          , Rr          , Rr          , Rr          , Rr          , Rr          , Uh          , Uh          , Xu          , Xu          
Xu          , Xu          , Xu          , Uu          , Uu          , Xu          , Xu          , Xu          , Xu          , Xu          , Rr          , Rr          , Rr          , Rr          , Rr          , Rr          , Rr          , Rr          , Rr          , Rr          , Rr          , Rr          , Rr          , Rr          , Rr          , Rr          , Rr          , Rr          , Rr          , Rr          , Rr          , Rr          , Rr          , Rr          , Rr          , Rr          , Rr          , Rr          , Rr          , Rr          , Uh          , Uh          , Xu          , Xu          
Xu          , Xu          , Xu          , Xu          , Xu          , Uu          , Uu          , Xu          , Xu          , Xu          , Rr          , Rr          , Rr          , Rr          , Xos         , Rr          , Rr          , Rr^Vud      , Rr          , Rr          , Xos         , Rr          , Rr          , Rr          , Rr          , Rr          , Xos         , Rr          , Rr          , Rr^Vud      , Rr          , Rr          , Xos         , Rr          , Rr          , Rr          , Rr          , Rr          , Xos         , Rr          , Uh          , Uh          , Uh          , Xu          
Xu          , Xu          , Xu          , Xu          , Xu          , Uu          , Xu          , Uu          , Uu          , Xu          , Rr          , Rr          , Rr          , Rr          , Rr          , Rr          , Rr          , Rr          , Rr          , Rr          , Rr          , Rr          , Rr          , Rr          , Rr          , Rr          , Rr          , Rr          , Rr          , Rr          , Rr          , Rr          , Rr          , Rr          , Rr          , Rr          , Rr          , Rr          , Rr          , Rr          , Ur          , Uu^Vud      , Uh          , Xu          
Xu          , Xu          , Xu          , Xu          , Xu          , Uu          , Xu          , Xu          , Xu          , Uu          , Uh          , Rr          , Rr          , Rr          , Rr          , Rr          , Rr          , Rr          , Rr          , Rr          , Rr          , Rr          , Rr^Vud      , Rr^Vud      , Rr^Vud      , Rr          , Rr          , Rr          , Rr          , Rr          , Rr          , Rr          , Rr          , Rr          , Rr          , Rr          , Rr          , Rr          , Rr          , Rr          , Uh          , Uh          , Xu          , Xu          
Xu          , Xu          , Xu          , Xu          , Uu          , Uu          , Xu          , Xu          , Xu          , Xu          , Uu^Vud      , Rr          , Rr          , Rr          , Rr          , Rr          , Rr          , Rr          , Rr          , Rr          , Rr          , Rr          , Rr          , Rr          , Rr          , Rr          , Rr          , Rr          , Rr          , Rr          , Rr          , Rr          , Rr          , Rr          , Rr          , Rr          , Rr          , Rr          , Rr          , Rr          , Uh          , Uh          , Xu          , Xu          
Xu          , Xu          , Uu          , Uu          , Uu          , Xu          , Xu          , Xu          , Xu          , Xu          , Xu          , Uh          , Rr          , Rr          , Xos         , Rr          , Rr          , Rr          , Rr          , Rr          , Xos         , Rr          , Rr          , Rr          , Rr          , Rr          , Xos         , Rr          , Rr          , Rr          , Rr          , Rr          , Xos         , Rr          , Rr          , Rr          , Rr          , Rr          , Xos         , Uh          , Xu          , Xu          , Xu          , Xu          
Xu          , Xu          , Uu          , Xu          , Xu          , Uu          , Uu          , Xu          , Xu          , Xu          , Xu          , Uh          , Rr          , Rr          , Rr          , Rr          , Rr          , Rr          , Rr          , Rr          , Rr          , Rr          , Cud         , Kud         , Cud         , Rr          , Rr          , Rr          , Rr          , Rr          , Rr          , Rr          , Rr          , Rr          , Rr          , Rr          , Rr          , Rr          , Rr          , Uh          , Xu          , Xu          , Xu          , Xu          
Xu          , Xu          , Xu          , Xu          , Xu          , Xu          , Uu          , Xu          , Xu          , Xu          , Xu          , Xu          , Rr          , Rr          , Rr          , Rr          , Rr^Vud      , Rr^Vud      , Rr          , Rr          , Rr          , Cud         , Cud         , Cud         , Cud         , Cud         , Rr          , Rr          , Rr          , Rr^Vud      , Rr^Vud      , Rr          , Rr          , Rr          , Rr          , Rr          , Rr          , Rr          , Xu          , Uu          , Uu          , Xu          , Xu          , Xu          
Xu          , Xu          , Xu          , Xu          , Xu          , Xu          , Uu          , Xu          , Xu          , Xu          , Xu          , Xu          , Rr          , Rr          , Rr          , Rr          , Rr          , Rr^Vud      , Rr          , Rr          , Rr          , Cud         , Cud         , 2 Kud       , Cud         , Cud         , Rr          , Rr          , Rr          , Rr^Vud      , Rr          , Rr          , Rr          , Rr          , Rr          , Rr          , Rr          , Xu          , Xu          , Xu          , Uu          , Xu          , Xu          , Xu          
Xu          , Xu          , Xu          , Xu          , Xu          , Uu          , Xu          , Xu          , Xu          , Xu          , Xu          , Rr          , Rr          , Rr          , Xos         , Rr          , Rr          , Rr          , Rr          , Rr          , Xos         , Rr          , Rr          , Cud         , Rr          , Rr          , Xos         , Rr          , Rr          , Rr          , Rr          , Rr          , Xos         , Rr          , Rr          , Rr          , Rr          , Xu          , Xu          , Uu          , Xu          , Xu          , Xu          , Xu          
Xu          , Xu          , Xu          , Xu          , Uu          , Uu          , Xu          , Xu          , Uu          , Xu          , Rr          , Rr          , Rr          , Rr          , Rr          , Rr          , Rr          , Rr^Vud      , Rr          , Rr          , Rr          , Rr          , Rr          , Rr          , Rr          , Rr          , Rr          , Rr          , Rr          , Rr^Vud      , Rr          , Rr          , Rr          , Rr          , Rr          , Rr          , Rr          , Xu          , Xu          , Uu          , Uu          , Xu          , Xu          , Xu          
Xu          , Xu          , Xu          , Uh          , Uu          , Xu          , Uu          , Uu          , Uu          , Uu          , Rr          , Rr          , Rr          , Rr          , Rr          , Rr          , Rr          , Rr          , Rr          , Rr          , Rr          , Rr          , Rr^Vud      , Rr          , Rr^Vud      , Rr          , Rr          , Rr          , Rr          , Rr          , Rr          , Rr          , Rr          , Rr          , Rr          , Rr          , Rr          , Xu          , Xu          , Xu          , Uu          , Xu          , Xu          , Xu          
Xu          , Xu          , Xu          , Uh          , Uh          , Uu          , Xu          , Xu          , Xu          , Xu          , Rr          , Rr          , Rr          , Rr          , Rr          , Rr          , Rr          , Rr          , Rr          , Rr          , Rr          , Rr          , Rr          , Rr^Vud      , Rr          , Rr          , Rr          , Rr          , Rr          , Rr          , Rr          , Rr          , Rr          , Rr          , Rr          , Rr          , Xu          , Xu          , Xu          , Xu          , Uu          , Uu^Vu       , Xu          , Xu          
Xu          , Xu          , Xu          , Uh          , Uu          , Uu          , Xu          , Xu          , Xu          , Xu          , Xu          , Rr          , Rr          , Rr          , Xos         , Rr          , Rr          , Rr          , Rr          , Rr          , Xos         , Rr          , Rr          , Rr          , Rr          , Rr          , Xos         , Rr          , Rr          , Rr          , Rr          , Rr          , Xos         , Rr          , Rr          , Rr          , Xu          , Xu          , Uu          , Xu          , Uu          , Xu          , Xu          , Xu          
Xu          , Xu          , Xu          , Xu          , Uu^Vud      , Uu          , Xu          , Xu          , Xu          , Xu          , Xu          , Rr          , Rr          , Rr          , Rr          , Rr          , Rr          , Rr          , Rr          , Rr          , Rr          , Rr          , Rr          , Rr          , Rr          , Rr          , Rr          , Rr          , Rr          , Rr          , Rr          , Rr          , Rr          , Rr          , Rr          , Rr          , Uu          , Uu          , Xu          , Uu          , Uu          , Xu          , Xu          , Xu          
Xu          , Xu          , Xu          , Xu          , Uu          , Uu          , Uh          , Xu          , Xu          , Xu          , Xu          , Rr          , Rr          , Rr          , Rr          , Rr          , Rr          , Rr          , Rr          , Rr          , Rr          , Rr          , Rr          , Rr          , Rr          , Rr          , Rr          , Rr          , Rr          , Rr          , Rr          , Rr          , Rr          , Rr          , Rr          , Rr          , Rr          , Xu          , Xu          , Xu          , Uu          , Xu          , Xu          , Xu          
Xu          , Xu          , Xu          , Xu          , Uu^Vud      , Uu          , Uu^Vud      , Xu          , Xu          , Xu          , Rr          , Rr          , Rr          , Rr          , Rr          , Rr          , Rr          , Rr          , Rr          , Rr          , Rr          , Rr          , Rr          , Rr          , Rr          , Rr          , Rr          , Rr          , Rr          , Rr          , Rr          , Rr          , Rr          , Rr          , Rr          , Rr          , Rr          , Xu          , Xu          , Xu          , Uu^Vu       , Xu          , Xu          , Xu          
Xu          , Xu          , Xu          , Xu          , Xu          , Xu          , Xu          , Xu          , Xu          , Xu          , Rr          , Rr          , Rr          , Rr          , Xos         , Rr          , Rr          , Rr          , Rr          , Rr          , Xos         , Rr          , Rr          , Rr          , Rr          , Rr          , Xos         , Rr          , Rr          , Rr          , Rr          , Rr          , Xos         , Rr          , Rr          , Rr          , Xu          , Xu          , Xu          , Xu          , Ur          , Uh          , Ww          , Ww          
Xu          , Xu          , Xu          , Xu          , Xu          , Xu          , Xu          , Xu          , Xu          , Xu          , Ur          , Rr          , Xu          , Rr          , Rr          , Rr          , Xu          , Xu          , Xu          , Rr          , Rr          , Rr          , Rr          , Rr          , Rr          , Rr          , Rr          , Rr          , Rr          , Rr          , Rr          , Rr          , Rr          , Rr          , Xu          , Xu          , Xu          , Xu          , Uh          , Uh          , Ur          , Uh          , Xu          , Xu          
Xu          , Xu          , Xu          , Xu          , Xu          , Xu          , Xu          , Xu          , Uu^Uf       , Uu^Uf       , Ur          , Uu^Uf       , Xu          , Xu          , Xu          , Xu          , Xu          , Xu          , Xu          , Xu          , Xu          , Rr          , Rr          , Rr          , Rr          , Rr          , Rr          , Rr          , Rr          , Rr          , Rr          , Rr          , Rr          , Rr          , Xu          , Xu          , Xu          , Uh          , Uh          , Ur          , Uh          , Uh          , Xu          , Xu          
Xu          , Xu          , Xu          , Xu          , Xu          , Xu          , Uu^Uf       , Uu^Uf       , Ur          , Ur          , Ur          , Uu^Uf       , Xu          , Xu          , Xu          , Xu          , Xu          , Xu          , Xu          , Xu          , Xu          , Xu          , Xu          , Rr          , Xu          , Uu^Vud      , Uu          , Uu          , Uu          , Ur          , Uu          , Uu          , Uu^Vud      , Xu          , Xu          , Xu          , Xu          , Xu          , Xu          , Ur          , Xu          , Xu          , Xu          , Xu          
Xu          , Xu          , Xu          , Xu          , Uu^Uf       , Uu^Uf       , Uu^Uf       , Ur          , Xu          , Uu^Uf       , Uu^Uf       , Ur          , Xu          , Xu          , Xu          , Xu          , Xu          , Xu          , Xu          , Xu          , Xu          , Xu          , Xu          , Xu          , Xu          , Uu          , Uu          , Uu          , Uu          , Ur          , Uu          , Uu          , Uu          , Xu          , Xu          , Xu          , Xu          , Xu          , Uu^Vu       , Uu          , Xu          , Xu          , Xu          , Xu          
Xu          , Xu          , Xu          , Xu          , Uu^Uf       , Uu^Uf       , Uu^Uf       , Ur          , Xu          , Xu          , Uu^Uf       , Ur          , Ur          , Xu          , Xu          , Xu          , Xu          , Xu          , Xu          , Xu          , Xu          , Xu          , Xu          , Xu          , Xu          , Uh          , Uu          , Uu          , Uu          , Ur          , Uu          , Uu          , Uu          , Xu          , Xu          , Xu          , Xu          , Xu          , Xu          , Uu          , Xu          , Xu          , Xu          , Xu          
Xu          , Xu          , Xu          , Wo          , Xu          , Uu^Uf       , Uu^Uf       , Uu^Uf       , Uu^Uf       , Uu^Uf       , Uu^Uf       , Uu^Uf       , Uu^Uf       , Uu^Uf       , Uu^Uf       , Uu^Uf       , Xu          , Xu          , Xu          , Xu          , Xu          , Xu          , Xu          , Xu          , Xu          , Uh          , Uu^Vud      , Uu          , Ds^Cov      , Ur          , Ur          , Uu          , Uu          , Uu^Vud      , Xu          , Xu          , Uu          , Xu          , Uu          , Uu          , Xu          , Xu          , Xu          , Xu          
Xu          , Xu          , Xu          , Xu          , Xu          , Uu^Uf       , Uu^Uf       , Uu^Uf       , Uu^Uf       , Uu^Uf       , Xu          , Uu^Uf       , Uu^Uf       , Uu^Uf       , Uu^Uf       , Uu^Uf       , Xu          , Xu          , Xu          , Xu          , Xu          , Xu          , Xu          , Xu          , Xu          , Xu          , Xu          , Uu          , Ds^Cov      , Ds^Cov      , Ds^Cov      , Ur          , Uu          , Xu          , Uu          , Uu          , Xu          , Uu          , Xu          , Xu          , Xu          , Xu          , Xu          , Xu          
Xu          , Xu          , Xu          , Xu          , Xu          , Xu          , Xu          , Wo          , Xu          , Xu          , Xu          , Xu          , Xu          , Xu          , Xu          , Xu          , Xu          , Xu          , Xu          , Xu          , Xu          , Xu          , Xu          , Xu          , Xu          , Xu          , Xu          , Xu          , Ds^Cov      , 1 Ds^Kov    , Ds^Cov      , Ur          , Uh          , Uu          , Xu          , Xu          , Xu          , Xu          , Xu          , Xu          , Xu          , Xu          , Xu          , Xu          
Xu          , Xu          , Xu          , Xu          , Xu          , Xu          , Xu          , Xu          , Xu          , Xu          , Xu          , Xu          , Xu          , Xu          , Xu          , Xu          , Xu          , Xu          , Xu          , Xu          , Xu          , Xu          , Xu          , Xu          , Xu          , Xu          , Xu          , Xu          , Xu          , Ds          , Uu          , Ur          , Uh          , Uh          , Xu          , Xu          , Xu          , Xu          , Xu          , Xu          , Xu          , Xu          , Xu          , Xu          
